[2] file p-inc.asu line 6 assertion: SUCCESS
[1] file p.adb line 16 assertion: SUCCESS
VERIFICATION SUCCEEDED
